MariaDB [ADATBAZIS]> INSERT INTO TERMEKEK VALUES(1,'LAPÁT',2000,'K1');
ERROR 1062 (23000): Duplicate entry '1' for key 'PRIMARY'
MariaDB [ADATBAZIS]> INSERT INTO TERMEKEK VALUES(8,NULL,4000,'K1');
ERROR 1048 (23000): Column 'NEV' cannot be null
MariaDB [ADATBAZIS]> INSERT INTO TERMEKEK VALUES(15,'POHÁR A',0,'K1');
ERROR 4025 (23000): CONSTRAINT `termekek.EAR` failed for `adatbazis`.`termekek`
MariaDB [ADATBAZIS]> INSERT INTO TERMEKEK VALUES(15,"POHÁR A",20,'K1');
Query OK, 1 row affected (0.007 sec)
MariaDB [ADATBAZIS]> INSERT INTO TERMEKEK VALUES(15,"POHÁR A",'20','K3');
ERROR 1062 (23000): Duplicate entry '15' for key 'PRIMARY'